2026-06-16T13:53:26.399 header_not_found: F4 F3
2026-06-16T13:53:26.500 discard_before_header: F2 F1 23 00 01 AA 02 56 00 00 56 00 64 46 00 08 08 0E 08 05 04 06 04 05 06 09 00 00 64 64 64 64 57 2A 1E 2C 01 55 00 F8 F7 F6 F5
2026-06-16T13:54:36.813 header_not_found: F4 F3 F2
2026-06-16T13:54:36.919 discard_before_header: F1 23 00 01 AA 03 4D 00 64 3C 00 64 3D 00 08 08 0E 64 1D 13 10 09 0A 07 09 00 00 64 64 64 64 64 60 64 18 01 55 00 F8 F7 F6 F5
2026-06-16T14:28:24.343 header_not_found: F4 F3
2026-06-16T14:28:24.349 header_not_found: F2 F1 0D 00 02 AA 03 64 00 41 CF 00 64 95 00 55 00 F8 F7 F6 F5
2026-06-16T14:28:42.635 header_not_found: F4 F3
2026-06-16T14:28:42.637 header_not_found: F2 F1 0D 00 02 AA 02 CF 00 00 D0 00 37 C6 00 55 00 F8 F7 F6 F5
2026-06-16T14:28:43.047 header_not_found: F4 F3
2026-06-16T14:28:43.053 header_not_found: F2 F1 0D 00 02 AA 02 CF 00 00 D1 00 2A C6 00 55 00 F8 F7 F6 F5
2026-06-16T14:30:09.419 header_not_found: F4
2026-06-16T14:30:09.478 header_not_found: F3 F2 F1 0D 00 02 AA 03 4A 00 53 56 00 64 5C 00 55 00 F8 F7 F6 F5
2026-06-16T14:31:54.917 header_not_found: F4 F3 F2
2026-06-16T14:31:54.975 header_not_found: F1 0D 00 02 AA 00 D9 00 00 D9 00 16 08 01 55 00 F8 F7 F6 F5
2026-06-16T14:36:32.823 header_not_found: F4
2026-06-16T14:36:32.834 header_not_found: F3 F2 F1 0D 00 02 AA 00 D5 00 00 D5 00 27 FB 00 55 00 F8 F7 F6 F5
2026-06-16T14:36:54.728 header_not_found: F4 F3
2026-06-16T14:36:54.737 header_not_found: F2 F1 0D 00 02 AA 00 C8 00 00 C8 00 13 D1 00 55 00 F8 F7 F6 F5
2026-06-16T14:38:20.314 header_not_found: F4
2026-06-16T14:38:20.316 header_not_found: F3 F2 F1 0D 00 02 AA 03 3C 00 37 44 00 64 34 00 55 00 F8 F7 F6 F5
2026-06-16T14:38:43.403 header_not_found: F4 F3 F2
2026-06-16T14:38:43.469 header_not_found: F1 0D 00 02 AA 03 40 00 3E 50 00 64 30 00 55 00 F8 F7 F6 F5
2026-06-16T14:40:33.299 header_not_found: F4 F3
2026-06-16T14:40:33.338 header_not_found: F2 F1 0D 00 02 AA 02 D8 00 00 D8 00 64 B5 00 55 00 F8 F7 F6 F5
2026-06-16T14:40:34.101 header_not_found: F4 F3
2026-06-16T14:40:34.158 header_not_found: F2 F1 0D 00 02 AA 03 E0 00 64 D7 00 64 C9 00 55 00 F8 F7 F6 F5
2026-06-16T14:40:54.012 header_not_found: F4 F3 F2
2026-06-16T14:40:54.013 header_not_found: F1 0D 00 02 AA 00 D5 00 00 D5 00 0C BD 00 55 00 F8 F7 F6 F5
2026-06-16T14:41:17.513 header_not_found: F4 F3
2026-06-16T14:41:17.515 header_not_found: F2 F1 0D 00 02 AA 00 DA 00 00 DA 00 06 D0 00 55 00 F8 F7 F6 F5
2026-06-16T14:42:20.403 header_not_found: F4 F3
2026-06-16T14:42:20.450 header_not_found: F2 F1 0D 00 02 AA 00 57 00 00 57 00 25 46 00 55 00 F8 F7 F6 F5
2026-06-16T14:43:23.298 header_not_found: F4
2026-06-16T14:43:23.435 header_not_found: F3 F2 F1 0D 00 02 AA 03 43 00 64 44 00 64 36 00 55 00 F8 F7 F6 F5
2026-06-16T14:44:57.602 header_not_found: F4 F3 F2
2026-06-16T14:44:57.607 header_not_found: F1 23 00 01 AA 00 61 00 00 61 00 05 4F 00 08 08 0D 05 03 05 05 06 06 05 05 00 00 05 02 03 02 04 03 02 4C 00 55 00 F8 F7 F6 F5
2026-06-16T14:45:40.196 header_not_found: F4 F3
2026-06-16T14:45:40.259 header_not_found: F2 F1 23 00 01 AA 02 5D 00 00 5D 00 64 4E 00 08 08 0D 07 05 02 05 08 04 06 05 00 00 64 64 64 64 64 40 56 43 01 55 00 F8 F7 F6 F5
2026-06-16T14:46:41.908 header_not_found: F4 F3 F2
2026-06-16T14:46:41.928 header_not_found: F1 23 00 01 AA 00 5D 00 00 5D 00 09 9C 00 08 08 0E 06 02 07 04 04 05 05 04 00 00 09 05 03 03 02 03 02 3A 00 55 00 F8 F7 F6 F5
2026-06-16T14:47:02.996 header_not_found: F4
2026-06-16T14:47:03.002 header_not_found: F3 F2 F1 23 00 01 AA 00 5D 00 00 5D 00 14 9C 00 08 08 10 04 05 06 07 04 04 05 05 00 00 14 0A 06 05 04 04 02 3F 00 55 00 F8 F7 F6 F5
2026-06-16T14:47:03.793 header_not_found: F4
2026-06-16T14:47:03.862 header_not_found: F3 F2 F1 23 00 01 AA 00 5D 00 00 5D 00 15 9C 00 08 08 0D 0A 06 08 06 05 05 05 06 00 00 15 0B 07 05 04 04 03 3C 00 55 00 F8 F7 F6 F5
2026-06-16T14:47:24.899 header_not_found: F4
2026-06-16T14:47:24.909 header_not_found: F3 F2 F1 23 00 01 AA 02 5D 00 00 5D 00 64 4E 00 08 08 0D 09 07 06 09 06 06 02 05 00 00 64 64 60 64 64 3A 5F 3B 01 55 00 F8 F7 F6 F5
2026-06-16T14:48:28.189 header_not_found: F4 F3 F2
2026-06-16T14:48:28.254 header_not_found: F1 23 00 01 AA 00 5D 00 00 5D 00 2F 4E 00 08 08 12 0A 06 03 07 04 05 03 05 00 00 2F 24 0C 0B 04 04 04 3A 00 55 00 F8 F7 F6 F5
2026-06-16T14:49:31.503 header_not_found: F4 F3
2026-06-16T14:49:31.529 header_not_found: F2 F1 23 00 01 AA 00 6D 00 00 6D 00 0E 57 00 08 08 0D 05 01 04 04 03 08 02 03 00 00 0E 08 04 05 06 03 03 31 00 55 00 F8 F7 F6 F5
2026-06-16T14:49:52.210 header_not_found: F4 F3 F2
2026-06-16T14:49:52.211 header_not_found: F1 23 00 01 AA 00 6D 00 00 6D 00 12 57 00 08 08 0D 04 05 05 06 02 08 02 02 00 00 12 0D 04 03 05 03 02 2B 00 55 00 F8 F7 F6 F5
2026-06-16T14:49:52.992 header_not_found: F4
2026-06-16T14:49:53.015 header_not_found: F3 F2 F1 23 00 01 AA 00 6D 00 00 6D 00 12 57 00 08 08 0F 06 06 05 07 02 09 02 01 00 00 12 0D 04 03 05 03 03 2B 00 55 00 F8 F7 F6 F5
2026-06-16T14:50:13.295 header_not_found: F4 F3 F2
2026-06-16T14:50:13.305 header_not_found: F1 23 00 01 AA 00 6D 00 00 6D 00 0A 57 00 08 08 0D 09 05 07 06 04 06 04 03 00 00 0A 08 05 05 05 03 02 2F 00 55 00 F8 F7 F6 F5
2026-06-16T14:50:13.688 header_not_found: F4 F3 F2
2026-06-16T14:50:13.748 header_not_found: F1 23 00 01 AA 00 6D 00 00 6D 00 09 57 00 08 08 0D 04 04 05 04 04 07 05 02 00 00 09 07 05 05 05 03 02 2F 00 55 00 F8 F7 F6 F5
2026-06-16T14:50:56.698 header_not_found: F4 F3
2026-06-16T14:50:56.709 header_not_found: F2 F1 23 00 01 AA 03 45 00 64 3E 00 64 2F 00 08 08 64 64 5E 12 0B 0B 12 0F 08 00 00 64 64 64 64 64 64 64 2B 01 55 00 F8 F7 F6 F5
2026-06-16T14:51:40.476 header_not_found: F4 F3 F2
2026-06-16T14:51:40.535 header_not_found: F1 23 00 01 AA 00 4B 00 00 4B 00 13 3E 00 08 08 0D 04 06 05 03 06 06 06 06 00 00 13 0C 10 05 05 03 03 33 00 55 00 F8 F7 F6 F5
2026-06-16T14:53:04.893 header_not_found: F4 F3
2026-06-16T14:53:04.942 header_not_found: F2 F1 23 00 01 AA 03 4D 00 56 59 00 64 41 00 08 08 2D 56 33 11 08 08 04 07 0D 00 00 64 64 33 59 64 41 38 34 01 55 00 F8 F7 F6 F5
2026-06-16T14:54:42.987 header_not_found: F4 F3
2026-06-16T14:54:43.049 header_not_found: F2 F1 23 00 01 AA 00 41 00 00 41 00 15 36 00 08 08 0D 06 07 05 08 05 04 06 03 00 00 15 08 07 06 08 07 04 29 00 55 00 F8 F7 F6 F5
2026-06-16T14:54:43.406 header_not_found: F4
2026-06-16T14:54:43.408 header_not_found: F3 F2 F1 23 00 01 AA 00 41 00 00 41 00 14 36 00 08 08 0D 04 06 04 07 02 04 06 03 00 00 14 07 07 06 07 07 04 29 00 55 00 F8 F7 F6 F5
2026-06-16T14:54:58.875 header_not_found: F4 F3 F2
2026-06-16T14:54:58.937 header_not_found: F1 23 00 01 AA 00 41 00 00 41 00 10 36 00 08 08 0D 09 04 08 08 06 04 05 03 00 00 10 06 05 03 03 03 03 2E 00 55 00 F8 F7 F6 F5
2026-06-16T14:55:42.681 header_not_found: F4
2026-06-16T14:55:42.689 header_not_found: F3 F2 F1 23 00 01 AA 00 41 00 00 41 00 0F 36 00 08 08 0D 04 04 05 08 04 01 05 05 00 00 0F 06 05 0A 07 03 03 33 00 55 00 F8 F7 F6 F5
2026-06-16T14:59:07.067 header_not_found: F4 F3
2026-06-16T14:59:07.133 header_not_found: F2 F1 23 00 01 AA 02 1E 00 00 1E 00 55 00 00 08 08 10 0E 06 05 0A 04 04 04 03 00 00 55 27 34 2A 12 0B 07 06 01 55 00 F8 F7 F6 F5
2026-06-16T14:59:28.967 header_not_found: F4 F3
2026-06-16T14:59:29.028 header_not_found: F2 F1 23 00 01 AA 02 98 00 00 98 00 64 8E 00 08 08 25 18 07 06 03 06 05 03 03 00 00 64 64 53 43 2B 2A 1D 06 01 55 00 F8 F7 F6 F5
2026-06-16T15:01:49.288 header_not_found: 00
2026-06-16T15:01:56.407 header_not_found: F4 F3
2026-06-16T15:01:56.470 header_not_found: F2 F1 0D 00 02 AA 02 C1 00 00 C1 00 64 39 00 55 00 F8 F7 F6 F5
2026-06-16T15:04:23.798 header_not_found: F4 F3 F2
2026-06-16T15:04:23.864 header_not_found: F1 23 00 01 AA 00 C7 00 00 C7 00 07 6F 01 08 08 0D 07 04 06 02 03 05 02 06 00 00 05 03 06 07 04 04 05 34 00 55 00 F8 F7 F6 F5
2026-06-16T15:04:46.511 header_not_found: F4 F3 F2
2026-06-16T15:04:46.532 header_not_found: F1 23 00 01 AA 02 1E 00 00 1E 00 29 00 00 08 08 0D 06 01 05 05 06 05 04 02 00 00 29 09 09 12 0F 17 11 42 01 55 00 F8 F7 F6 F5
2026-06-16T15:05:47.810 header_not_found: F4 F3
2026-06-16T15:05:47.845 header_not_found: F2 F1 23 00 01 AA 00 1E 00 00 1E 00 05 70 00 08 08 10 04 03 03 04 04 06 06 07 00 00 05 03 04 05 03 04 03 47 00 55 00 F8 F7 F6 F5
2026-06-16T15:06:08.949 header_not_found: F4 F3
2026-06-16T15:06:08.981 header_not_found: F2 F1 23 00 01 AA 00 1E 00 00 1E 00 0E 70 00 08 08 0D 04 05 05 01 07 07 04 02 00 00 03 03 0C 0E 08 07 06 4F 00 55 00 F8 F7 F6 F5
2026-06-16T15:06:29.608 header_not_found: F4 F3
2026-06-16T15:06:29.716 header_not_found: F2 F1 23 00 01 AA 00 2A 00 00 2A 00 13 00 00 08 08 13 0C 06 05 04 09 07 03 06 00 00 13 04 06 09 07 0A 06 44 00 55 00 F8 F7 F6 F5
2026-06-16T15:06:49.540 header_not_found: F4
2026-06-16T15:06:49.626 header_not_found: F3 F2 F1 23 00 01 AA 00 2A 00 00 2A 00 0B 00 00 08 08 0D 05 05 07 02 08 01 05 03 00 00 05 03 0A 0B 06 05 05 30 00 55 00 F8 F7 F6 F5
2026-06-16T15:07:11.018 header_not_found: F4 F3
2026-06-16T15:07:11.047 header_not_found: F2 F1 23 00 01 AA 00 2A 00 00 2A 00 0D 00 00 08 08 0D 04 06 05 04 08 08 01 04 00 00 0D 03 07 09 06 07 06 33 00 55 00 F8 F7 F6 F5
2026-06-16T15:07:52.825 header_not_found: F4
2026-06-16T15:07:52.858 header_not_found: F3 F2 F1 23 00 01 AA 00 2A 00 00 2A 00 09 00 00 08 08 0E 05 03 05 02 06 05 03 05 00 00 06 03 08 09 05 04 04 22 00 55 00 F8 F7 F6 F5
2026-06-16T15:08:13.914 header_not_found: F4
2026-06-16T15:08:13.954 header_not_found: F3 F2 F1 23 00 01 AA 02 1E 00 00 1E 00 52 00 00 08 08 0D 07 05 02 02 02 05 05 03 00 00 52 0F 0D 1D 1A 2D 1F 31 01 55 00 F8 F7 F6 F5
2026-06-16T15:08:57.306 header_not_found: F4 F3 F2
2026-06-16T15:08:57.334 header_not_found: F1 23 00 01 AA 00 1E 00 00 1E 00 1C 00 00 08 08 0E 08 05 01 04 06 06 05 03 00 00 1C 09 17 17 0E 17 11 2F 00 55 00 F8 F7 F6 F5
2026-06-16T15:09:19.609 header_not_found: F4 F3 F2
2026-06-16T15:09:19.654 header_not_found: F1 23 00 01 AA 00 1E 00 00 1E 00 06 00 00 08 08 0E 04 08 06 01 07 03 08 01 00 00 04 03 06 06 03 04 03 23 00 55 00 F8 F7 F6 F5
2026-06-16T15:10:22.951 header_not_found: F4 F3 F2
2026-06-16T15:10:23.047 discard_before_header: F1 23 00 01 AA 00 1E 00 00 1E 00 04 00 00 08 08 10 09 07 04 01 07 05 05 02 00 00 04 02 03 04 03 03 03 2C 00 55 00 F8 F7 F6 F5
2026-06-16T15:10:23.716 header_not_found: F4
2026-06-16T15:10:23.857 header_not_found: F3 F2 F1 23 00 01 AA 00 1E 00 00 1E 00 04 00 00 08 08 0D 06 06 03 01 07 05 05 01 00 00 04 03 04 04 03 03 03 2E 00 55 00 F8 F7 F6 F5
2026-06-16T15:12:31.530 header_not_found: F4 F3
2026-06-16T15:12:31.611 discard_before_header: F2 F1 23 00 01 AA 00 1E 00 00 1E 00 04 00 00 08 08 0E 05 07 04 01 06 04 04 02 00 00 03 03 03 04 02 03 02 2F 00 55 00 F8 F7 F6 F5
2026-06-16T15:12:52.645 header_not_found: F4 F3 F2
2026-06-16T15:12:52.701 header_not_found: F1 23 00 01 AA 00 1E 00 00 1E 00 04 00 00 08 08 0E 05 07 03 01 06 05 03 03 00 00 03 02 04 03 02 03 02 23 00 55 00 F8 F7 F6 F5
2026-06-16T15:12:52.991 header_not_found: F4 F3
2026-06-16T15:12:53.073 header_not_found: F2 F1 23 00 01 AA 00 1E 00 00 1E 00 03 00 00 08 08 0D 07 07 02 02 07 06 05 05 00 00 03 02 03 03 02 03 02 23 00 55 00 F8 F7 F6 F5
2026-06-16T15:16:12.038 header_not_found: F4 F3 F2
2026-06-16T15:16:12.129 discard_before_header: F1 23 00 01 AA 02 33 00 00 33 00 37 1F 00 08 08 0D 11 09 05 04 0A 08 02 01 00 00 37 33 28 28 18 27 18 57 01 55 00 F8 F7 F6 F5
2026-06-16T15:17:05.292 header_not_found: F4 F3
2026-06-16T15:17:05.297 header_not_found: F2 F1 23 00 01 AA 02 46 00 00 01 01 33 E2 00 08 08 0E 0B 05 04 01 05 03 03 01 00 00 12 33 31 0C 07 05 05 5E 01 55 00 F8 F7 F6 F5
2026-06-16T15:17:05.691 header_not_found: F4 F3
2026-06-16T15:17:05.693 header_not_found: F2 F1 23 00 01 AA 02 46 00 00 05 01 30 E9 00 08 08 0D 0B 06 07 03 04 02 04 01 00 00 0F 30 30 0C 07 05 04 5E 01 55 00 F8 F7 F6 F5
2026-06-16T15:17:28.819 header_not_found: F4 F3
2026-06-16T15:17:28.830 header_not_found: F2 F1 23 00 01 AA 00 46 00 00 15 01 13 F8 00 08 08 0D 07 05 04 03 03 03 06 02 00 00 06 0F 13 0B 06 06 05 5C 00 55 00 F8 F7 F6 F5
2026-06-16T15:18:09.777 header_not_found: F4 F3
2026-06-16T15:18:09.831 header_not_found: F2 F1 23 00 01 AA 03 A4 00 4E A0 00 64 B5 00 08 08 0D 15 4E 35 05 02 06 04 02 00 00 64 64 64 64 64 41 64 59 01 55 00 F8 F7 F6 F5
2026-06-16T15:18:10.190 header_not_found: F4
2026-06-16T15:18:10.196 header_not_found: F3 F2 F1 23 00 01 AA 03 94 00 4D A4 00 64 A7 00 08 08 0D 23 4D 1E 04 05 02 02 05 00 00 64 64 64 64 64 3F 57 5A 01 55 00 F8 F7 F6 F5
2026-06-16T15:18:30.081 header_not_found: F4 F3 F2
2026-06-16T15:18:30.140 header_not_found: F1 23 00 01 AA 03 4D 00 64 4D 00 64 41 00 08 08 64 64 64 64 37 24 0D 06 07 00 00 64 64 64 64 56 56 48 EF 01 55 00 F8 F7 F6 F5
2026-06-16T15:18:30.878 header_not_found: F4
2026-06-16T15:18:30.940 header_not_found: F3 F2 F1 23 00 01 AA 03 59 00 64 2B 00 64 42 00 08 08 4B 64 64 5C 46 21 08 10 0B 00 00 64 64 64 64 5B 55 44 EE 01 55 00 F8 F7 F6 F5
2026-06-16T15:19:15.498 header_not_found: F4 F3 F2
2026-06-16T15:19:15.500 header_not_found: F1 23 00 01 AA 02 8E 01 00 F0 00 3D DF 00 08 08 0D 07 0A 02 06 07 05 02 01 00 00 1C 3D 30 10 0D 27 1D 32 01 55 00 F8 F7 F6 F5
2026-06-16T15:19:36.193 header_not_found: F4 F3 F2
2026-06-16T15:19:36.200 header_not_found: F1 23 00 01 AA 02 8E 01 00 EB 00 43 D5 00 08 08 0D 07 05 07 01 05 03 02 09 00 00 1E 43 2E 13 0E 22 1E 31 01 55 00 F8 F7 F6 F5
2026-06-16T15:19:36.573 header_not_found: F4
2026-06-16T15:19:36.636 header_not_found: F3 F2 F1 23 00 01 AA 02 8E 01 00 EF 00 3C D7 00 08 08 0E 09 01 01 01 04 04 07 07 00 00 1B 3C 2D 12 0F 23 1E 2F 01 55 00 F8 F7 F6 F5
2026-06-25T16:43:19.791 header_not_found: F4 F3
2026-06-25T16:43:19.797 header_not_found: F2 F1 0D 00 02 AA 03 61 00 64 7C 00 64 4E 00 55 00 F8 F7 F6 F5
2026-06-25T16:44:36.847 header_not_found: F4 F3
2026-06-25T16:44:36.908 header_not_found: F2 F1 23 00 01 AA 02 1A 01 00 2E 01 64 0E 01 08 08 0E 0D 06 0B 19 14 06 08 02 00 00 55 64 64 64 28 5D 5F 45 01 55 00 F8 F7 F6 F5
2026-06-25T16:45:30.844 header_not_found: F4
2026-06-25T16:45:30.908 header_not_found: F3 F2 F1 23 00 01 AA 02 A1 00 00 A1 00 64 8F 00 08 08 0E 10 18 10 06 08 06 08 04 00 00 64 64 56 29 2A 32 32 3A 01 55 00 F8 F7 F6 F5
2026-06-25T16:45:50.749 header_not_found: F4 F3 F2
2026-06-25T16:45:50.783 header_not_found: F1 23 00 01 AA 03 A9 00 47 B6 00 64 AB 00 08 08 0D 0D 47 35 18 09 05 08 06 00 00 64 64 58 1C 14 14 12 3B 01 55 00 F8 F7 F6 F5
2026-06-25T16:46:09.851 header_not_found: F4 F3 F2
2026-06-25T16:46:09.874 header_not_found: F1 23 00 01 AA 02 AA 00 00 AA 00 64 A1 00 08 08 0E 0F 21 12 10 05 09 08 09 00 00 64 59 50 54 2E 42 64 3B 01 55 00 F8 F7 F6 F5
2026-06-25T16:46:46.464 header_not_found: F4
2026-06-25T16:46:46.466 header_not_found: F3 F2 F1 23 00 01 AA 02 59 00 00 BB 01 0E AB 01 08 08 0E 0D 06 03 04 08 04 02 06 00 00 06 07 0E 0A 08 07 05 3E 01 55 00 F8 F7 F6 F5
2026-06-25T16:47:54.872 header_not_found: F4 F3
2026-06-25T16:47:54.874 header_not_found: F2 F1 23 00 01 AA 02 2A 01 00 29 01 64 17 01 08 08 12 0D 05 0F 26 17 08 02 03 00 00 05 64 64 64 1A 15 15 3D 01 55 00 F8 F7 F6 F5
2026-06-25T16:49:10.041 header_not_found: F4 F3 F2
2026-06-25T16:49:10.100 header_not_found: F1 23 00 01 AA 00 6F 00 00 6F 00 05 19 01 08 08 0D 0D 06 07 04 06 05 03 06 00 00 05 04 05 05 04 04 04 3D 00 55 00 F8 F7 F6 F5
2026-06-25T16:49:27.975 header_not_found: F4 F3 F2
2026-06-25T16:49:28.097 discard_before_header: F1 23 00 01 AA 00 6F 00 00 6F 00 07 19 01 08 08 0D 0D 06 06 05 05 06 03 06 00 00 05 04 06 07 04 03 05 3D 00 55 00 F8 F7 F6 F5
2026-06-25T16:50:07.746 header_not_found: F4 F3 F2
2026-06-25T16:50:07.789 header_not_found: F1 23 00 01 AA 00 6F 00 00 6F 00 06 19 01 08 08 0E 0D 04 04 05 07 04 03 05 00 00 05 04 05 06 04 04 05 3F 00 55 00 F8 F7 F6 F5
2026-06-25T16:51:11.958 header_not_found: F4 F3
2026-06-25T16:51:11.960 header_not_found: F2 F1 23 00 01 AA 03 97 00 64 9B 00 64 7F 00 08 08 0D 64 64 64 08 07 04 0C 08 00 00 64 64 64 64 64 64 64 3B 01 55 00 F8 F7 F6 F5
2026-06-25T16:51:30.234 header_not_found: F4 F3 F2
2026-06-25T16:51:30.292 header_not_found: F1 23 00 01 AA 00 5D 00 00 A0 01 06 5A 01 08 08 0E 0D 06 05 06 06 07 05 05 00 00 05 05 05 06 04 03 04 3D 00 55 00 F8 F7 F6 F5
2026-06-25T16:52:07.641 header_not_found: F4
2026-06-25T16:52:07.648 header_not_found: F3 F2 F1 23 00 01 AA 00 5D 00 00 5D 00 06 5A 01 08 08 0D 0E 02 03 05 05 07 03 06 00 00 05 04 04 06 04 03 05 3D 00 55 00 F8 F7 F6 F5
2026-06-25T16:52:26.339 header_not_found: F4 F3
2026-06-25T16:52:26.342 header_not_found: F2 F1 23 00 01 AA 00 5D 00 00 5D 00 05 5A 01 08 08 0D 0D 03 02 07 05 08 03 06 00 00 04 04 05 05 03 04 07 3C 00 55 00 F8 F7 F6 F5
2026-06-25T17:00:36.810 header_not_found: F4
2026-06-25T17:00:36.864 header_not_found: F3 F2 F1 23 00 01 AA 02 7F 00 00 7F 00 49 6E 00 08 08 0D 0B 09 07 05 05 04 04 05 00 00 49 30 29 16 10 0C 0C 19 01 55 00 F8 F7 F6 F5
2026-06-25T17:00:38.060 header_not_found: F4
2026-06-25T17:00:38.065 header_not_found: F3 F2 F1 23 00 01 AA 02 7F 00 00 7F 00 4E 6E 00 08 08 0D 0C 04 04 06 02 05 04 05 00 00 4E 2D 28 15 0E 0B 0C 19 01 55 00 F8 F7 F6 F5
2026-06-25T17:01:22.624 header_not_found: F4 F3
2026-06-25T17:01:22.662 header_not_found: F2 F1 23 00 01 AA 02 79 00 00 79 00 10 6E 00 08 08 0D 0A 08 04 03 07 04 03 02 00 00 10 08 07 08 05 06 06 0B 01 55 00 F8 F7 F6 F5
2026-06-25T17:02:46.211 header_not_found: F4
2026-06-25T17:02:46.266 header_not_found: F3 F2 F1 23 00 01 AA 00 72 00 00 1B 01 4B 04 01 08 08 0D 0B 04 04 04 05 01 03 06 00 00 2C 37 4B 18 10 09 09 12 00 55 00 F8 F7 F6 F5
2026-06-25T17:03:05.719 header_not_found: F4
2026-06-25T17:03:05.771 header_not_found: F3 F2 F1 23 00 01 AA 00 81 00 00 E9 00 52 D7 00 08 08 0F 08 0A 0D 0F 0A 06 04 04 00 00 20 52 33 13 06 06 03 16 00 55 00 F8 F7 F6 F5
